PC: 0x0111  I: 0x0000
V0:  87  V1: 175  V2:  94  V3: 175  V4:   0  V5:   0  V6:   0  V7:   0
V8:   0  V9:   0  Va:   0  Vb:   0  Vc:   0  Vd:   0  Ve:   0  Vf:   0
0200: 61af 63af 8016 823e 1111 0000 0000 0000