PC: 0x0111  I: 0x0200
V0: 162  V1:   0  V2: 242  V3:   0  V4:   0  V5:   0  V6:   0  V7:   0
V8:   0  V9:   0  Va:   0  Vb:   0  Vc:   0  Vd:   0  Ve:   0  Vf:   0
0200: a200 f265 1111 0000 0000 0000 0000 0000