PC: 0x0111  I: 0x0000
V0:  32  V1:  32  V2: 224  V3:  32  V4:   0  V5:   0  V6:   0  V7:   0
V8:   0  V9:   0  Va:   0  Vb:   0  Vc:   0  Vd:   0  Ve:   0  Vf:   1
0200: 6040 6120 6240 6320 8015 8237 1111 0000