V0: 171  V1: 204  V2: 0  V3: 0  V4: 0  V5: 0  V6: 0  V7: 0
V8: 0  V9: 0  Va: 0  Vb: 0  Vc: 170  Vd: 0  Ve: 0  Vf: 0
0200: 70ab 71cc 7cff 7cab 1111 0000 0000 0000