PC: 0x0111  I: 0x0000
V0:  16  V1:   0  V2:   0  V3: 255  V4:   0  V5:   0  V6:   0  V7:   0
V8:   0  V9:   0  Va: 192  Vb:   0  Vc:   0  Vd:   0  Ve:   0  Vf:   1
0200: 6010 63ff 6ac0 6f01 1111 0000 0000 0000