Crisp8Error: Opcode 0NNN (jump to native routine) is not available in CRISP-8.