Crisp8Error: Cannot write BCD encoding of register to address 0x0ffe. Memory out of bounds.