Crisp8Error: Cannot jump to subroutine 0x0200. Stack size limit exceeded.