PC: 0x0111  I: 0x0400
V0:   1  V1:  18  V2:  35  V3:  52  V4:   0  V5:   0  V6:   0  V7:   0
V8:   0  V9:   0  Va:   0  Vb:   0  Vc:   0  Vd:   0  Ve:   0  Vf:   0
0200: 6001 6112 6223 6334 a400 f355 1111 0000
0400: 0112 2334 0000 0000 0000 0000 0000 0000