Crisp8Error: Cannot return from subroutine. Not running a subroutine.