PC: 0x0111  I: 0x0000
V0: 170  V1:   0  V2:   0  V3:   0  V4:   0  V5:   0  V6:   0  V7:   0
V8:   0  V9:   0  Va:   0  Vb:   0  Vc:   0  Vd:   0  Ve:   0  Vf:   0
0200: 2204 1111 2208 00ee 60aa 00ee 0000 0000