Crisp8Error: Cannot write register values with base address 0x0fff. Memory out of bounds.