PC: 0x0111 I: 0
V0: 250  V1: 170  V2: 160  V3: 170  V4:  90  V5: 170  V6:   0  V7:   0
V8:   0  V9:   0  Va:   0  Vb:   0  Vc:   0  Vd:   0  Ve:   0  Vf:   0
0200: 60f0 61aa 62f0 63aa 64f0 65aa 8011 8232
0210: 8453 1111 0000 0000 0000 0000 0000 0000